
> clinica-aline-herts@0.0.0 build
> tsc -b && vite build

[36mvite v8.0.2 [32mbuilding client environment for production...[36m[39m
[2K
transforming...Ô£ô 3171 modules transformed.
rendering chunks...
computing gzip size...
dist/index.html                   0.63 kB Ôöé gzip:   0.40 kB
dist/assets/index--tFiB8qZ.css   13.18 kB Ôöé gzip:   3.20 kB
dist/assets/index-OVcZ5KZV.js   859.20 kB Ôöé gzip: 247.06 kB

[32mÔ£ô built in 529ms[39m
node.exe : 
[33m[plugin 
builtin:vite-reporter] 
No linha:1 caractere:1
+ & "C:\Program 
Files\nodejs/node.exe" 
"C:\Program 
Files\nodejs/node_mo 
...
+ ~~~~~~~~~~~~~~~~~~~~~
~~~~~~~~~~~~~~~~~~~~~~~
~~~~~~~~~~~~~~~~~~~~~~~
~~
    + CategoryInfo     
         : NotSpecifi  
  ed: ([33m[plugin    
 builtin:vite-repor    
ter] :String) [],     
RemoteException
    + FullyQualifiedEr 
   rorId : NativeComm  
  andError
 
(!) Some chunks are 
larger than 500 kB 
after minification. 
Consider:
- Using dynamic 
import() to code-split 
the application
- Use build.rolldownOpt
ions.output.codeSplitti
ng to improve 
chunking: https://rolld
own.rs/reference/Output
Options.codeSplitting
- Adjust chunk size 
limit for this warning 
via build.chunkSizeWarn
ingLimit.[39m
